python : 2026-03-02 
14:53:30,725 [INFO] HTTP 
Request: GET http://testserver/
api/v1/health "HTTP/1.1 200 OK"
No linha:1 caractere:1
+ python 
tests/test_url_pipeline.py > 
test_log.txt 2>&1; cat 
test_log.t ...
+ ~~~~~~~~~~~~~~~~~~~~~~~~~~~~~
~~~~~~~~~~~~~~~~~~~~~~~~
    + CategoryInfo          :  
   NotSpecified: (2026-03-02   
  14:5...TTP/1.1 200 OK":Str   
 ing) [], RemoteException
    + FullyQualifiedErrorId :  
   NativeCommandError
 
2026-03-02 14:53:30,731 [INFO] 
Trigger URL: https://www.planal
to.gov.br/ccivil_03/leis/l9394.
htm -> 01bf47481e718dac9ea22650
bdd81b0e
2026-03-02 14:53:30,731 [INFO] 
Baixando URL: https://www.plana
lto.gov.br/ccivil_03/leis/l9394
.htm
2026-03-02 14:53:30,731 [INFO] 
[http] GET https://www.planalto
.gov.br/ccivil_03/leis/l9394.ht
m
2026-03-02 14:53:31,439 [INFO] 
Salvando raw em: 
C:\Users\kleub\OneDrive\┴rea 
de Trabalho\Get\lei\data\raw\ra
w_01bf47481e718dac9ea22650bdd81
b0e.txt
2026-03-02 14:53:31,439 [INFO] 
\u2550\u2550\u2550\u2550\u2550\
u2550\u2550\u2550\u2550\u2550\u
2550\u2550\u2550\u2550\u2550\u2
550\u2550\u2550\u2550\u2550\u25
50\u2550\u2550\u2550\u2550\u255
0\u2550\u2550\u2550\u2550\u2550
\u2550\u2550\u2550\u2550\u2550\
u2550\u2550\u2550\u2550\u2550\u
2550\u2550\u2550\u2550\u2550\u2
550\u2550\u2550\u2550\u2550\u25
50\u2550\u2550\u2550
2026-03-02 14:53:31,442 [INFO] 
  Pipeline: Lei 01bf47481e718da
c9ea22650bdd81b0e
2026-03-02 14:53:31,442 [INFO] 
\u2550\u2550\u2550\u2550\u2550\
u2550\u2550\u2550\u2550\u2550\u
2550\u2550\u2550\u2550\u2550\u2
550\u2550\u2550\u2550\u2550\u25
50\u2550\u2550\u2550\u2550\u255
0\u2550\u2550\u2550\u2550\u2550
\u2550\u2550\u2550\u2550\u2550\
u2550\u2550\u2550\u2550\u2550\u
2550\u2550\u2550\u2550\u2550\u2
550\u2550\u2550\u2550\u2550\u25
50\u2550\u2550\u2550
2026-03-02 14:53:31,442 [INFO] 
[1/4] Download
2026-03-02 14:53:31,442 
[ERROR] Erro no pipeline para 0
1bf47481e718dac9ea22650bdd81b0e
: "Lei '01bf47481e718dac9ea2265
0bdd81b0e' nÒo encontrada no 
catßlogo. DisponÝveis: 9394, 
10406, 8078, clt, cp, cpp, 
13105, 14133, 8666, 5172, 
8080, 8069, 9605, cf88, 13709, 
12965"
2026-03-02 14:53:31,443 [INFO] 
HTTP Request: POST http://tests
erver/api/v1/pipeline/url 
"HTTP/1.1 200 OK"

Routes in app:
  /api/v1/openapi.json {'GET', 'HEAD'}
  /api/v1/docs {'GET', 'HEAD'}
  /docs/oauth2-redirect {'GET', 'HEAD'}
  /api/v1/redoc {'GET', 'HEAD'}
  /api/v1/health {'GET'}
  /api/v1/leis/catalogo {'GET'}
  /api/v1/leis/{codigo} {'GET'}
  /api/v1/leis/{codigo}/artigos {'GET'}
  /api/v1/leis/{codigo}/artigos/{artigo_id} {'GET'}
  /api/v1/leis/{codigo}/busca {'GET'}
  /api/v1/leis/{codigo}/crossrefs {'GET'}
  /api/v1/leis/{codigo}/relatorio {'GET'}
  /api/v1/pipeline/url {'POST'}
  /api/v1/pipeline/{codigo} {'POST'}
  /api/v1/pipeline/{codigo}/status {'GET'}
  /api/v1/leis/{codigo}/artigos/{artigo_id} {'PATCH'}
  /api/v1/leis/{codigo}/estrutura {'GET'}
Health: 200
{'status': 'ok', 'version': '1.0.0', 'timestamp': '2026-03-02T14:53:30.722488'}
DEBUG: trigger_url_pipeline called for https://www.planalto.gov.br/ccivil_03/leis/l9394.htm
Test passed!
